display.c:12:6:ledOFF	8	static
display.c:20:6:ledON	8	static
display.c:28:6:ledredON_x	8	static
display.c:33:6:ledgreenON_x	8	static
display.c:38:6:ledyellowON_x	8	static
display.c:43:6:ledredON_y	8	static
display.c:48:6:ledgreenON_y	8	static
display.c:53:6:ledyellowON_y	8	static
display.c:58:6:ledredON	8	static
display.c:62:6:ledgreenON	8	static
display.c:66:6:ledyellowON	8	static
display.c:70:6:update7SEG	16	static
display.c:101:6:updateClockBuffer	16	static
display.c:107:6:display7SEG	16	static
