Archive member included to satisfy reference by file (symbol)

c:/st/stm32cubeide_1.7.0/stm32cubeide/plugins/com.st.stm32cube.ide.mcu.externaltools.gnu-tools-for-stm32.9-2020-q2-update.win32_2.0.0.202105311346/tools/bin/../lib/gcc/arm-none-eabi/9.3.1/../../../../arm-none-eabi/lib/thumb/v7-m/nofp\libc_nano.a(lib_a-errno.o)
                              ./Core/Src/syscalls.o (__errno)
c:/st/stm32cubeide_1.7.0/stm32cubeide/plugins/com.st.stm32cube.ide.mcu.externaltools.gnu-tools-for-stm32.9-2020-q2-update.win32_2.0.0.202105311346/tools/bin/../lib/gcc/arm-none-eabi/9.3.1/../../../../arm-none-eabi/lib/thumb/v7-m/nofp\libc_nano.a(lib_a-exit.o)
                              c:/st/stm32cubeide_1.7.0/stm32cubeide/plugins/com.st.stm32cube.ide.mcu.externaltools.gnu-tools-for-stm32.9-2020-q2-update.win32_2.0.0.202105311346/tools/bin/../lib/gcc/arm-none-eabi/9.3.1/../../../../arm-none-eabi/lib/thumb/v7-m/nofp/crt0.o (exit)
c:/st/stm32cubeide_1.7.0/stm32cubeide/plugins/com.st.stm32cube.ide.mcu.externaltools.gnu-tools-for-stm32.9-2020-q2-update.win32_2.0.0.202105311346/tools/bin/../lib/gcc/arm-none-eabi/9.3.1/../../../../arm-none-eabi/lib/thumb/v7-m/nofp\libc_nano.a(lib_a-impure.o)
                              c:/st/stm32cubeide_1.7.0/stm32cubeide/plugins/com.st.stm32cube.ide.mcu.externaltools.gnu-tools-for-stm32.9-2020-q2-update.win32_2.0.0.202105311346/tools/bin/../lib/gcc/arm-none-eabi/9.3.1/../../../../arm-none-eabi/lib/thumb/v7-m/nofp\libc_nano.a(lib_a-exit.o) (_global_impure_ptr)
c:/st/stm32cubeide_1.7.0/stm32cubeide/plugins/com.st.stm32cube.ide.mcu.externaltools.gnu-tools-for-stm32.9-2020-q2-update.win32_2.0.0.202105311346/tools/bin/../lib/gcc/arm-none-eabi/9.3.1/../../../../arm-none-eabi/lib/thumb/v7-m/nofp\libc_nano.a(lib_a-init.o)
                              c:/st/stm32cubeide_1.7.0/stm32cubeide/plugins/com.st.stm32cube.ide.mcu.externaltools.gnu-tools-for-stm32.9-2020-q2-update.win32_2.0.0.202105311346/tools/bin/../lib/gcc/arm-none-eabi/9.3.1/../../../../arm-none-eabi/lib/thumb/v7-m/nofp/crt0.o (__libc_init_array)
c:/st/stm32cubeide_1.7.0/stm32cubeide/plugins/com.st.stm32cube.ide.mcu.externaltools.gnu-tools-for-stm32.9-2020-q2-update.win32_2.0.0.202105311346/tools/bin/../lib/gcc/arm-none-eabi/9.3.1/../../../../arm-none-eabi/lib/thumb/v7-m/nofp\libc_nano.a(lib_a-memset.o)
                              c:/st/stm32cubeide_1.7.0/stm32cubeide/plugins/com.st.stm32cube.ide.mcu.externaltools.gnu-tools-for-stm32.9-2020-q2-update.win32_2.0.0.202105311346/tools/bin/../lib/gcc/arm-none-eabi/9.3.1/../../../../arm-none-eabi/lib/thumb/v7-m/nofp/crt0.o (memset)
c:/st/stm32cubeide_1.7.0/stm32cubeide/plugins/com.st.stm32cube.ide.mcu.externaltools.gnu-tools-for-stm32.9-2020-q2-update.win32_2.0.0.202105311346/tools/bin/../lib/gcc/arm-none-eabi/9.3.1/thumb/v7-m/nofp\libgcc.a(_arm_mulsf3.o)
                              ./Core/Src/todo.o (__aeabi_fmul)
c:/st/stm32cubeide_1.7.0/stm32cubeide/plugins/com.st.stm32cube.ide.mcu.externaltools.gnu-tools-for-stm32.9-2020-q2-update.win32_2.0.0.202105311346/tools/bin/../lib/gcc/arm-none-eabi/9.3.1/thumb/v7-m/nofp\libgcc.a(_arm_addsubsf3.o)
                              ./Core/Src/todo.o (__aeabi_i2f)
c:/st/stm32cubeide_1.7.0/stm32cubeide/plugins/com.st.stm32cube.ide.mcu.externaltools.gnu-tools-for-stm32.9-2020-q2-update.win32_2.0.0.202105311346/tools/bin/../lib/gcc/arm-none-eabi/9.3.1/thumb/v7-m/nofp\libgcc.a(_arm_fixsfsi.o)
                              ./Core/Src/todo.o (__aeabi_f2iz)

Allocating common symbols
Common symbol       size              file

uwTick              0x4               ./Drivers/STM32F1xx_HAL_Driver/Src/stm32f1xx_hal.o
pFlash              0x20              ./Drivers/STM32F1xx_HAL_Driver/Src/stm32f1xx_hal_flash.o
led_buffer          0x10              ./Core/Src/display.o
counter_x           0x4               ./Core/Src/todo.o
counter_y           0x4               ./Core/Src/todo.o
htim2               0x48              ./Core/Src/main.o

Discarded input sections

 .text          0x0000000000000000        0x0 c:/st/stm32cubeide_1.7.0/stm32cubeide/plugins/com.st.stm32cube.ide.mcu.externaltools.gnu-tools-for-stm32.9-2020-q2-update.win32_2.0.0.202105311346/tools/bin/../lib/gcc/arm-none-eabi/9.3.1/thumb/v7-m/nofp/crti.o
 .data          0x0000000000000000        0x0 c:/st/stm32cubeide_1.7.0/stm32cubeide/plugins/com.st.stm32cube.ide.mcu.externaltools.gnu-tools-for-stm32.9-2020-q2-update.win32_2.0.0.202105311346/tools/bin/../lib/gcc/arm-none-eabi/9.3.1/thumb/v7-m/nofp/crti.o
 .bss           0x0000000000000000        0x0 c:/st/stm32cubeide_1.7.0/stm32cubeide/plugins/com.st.stm32cube.ide.mcu.externaltools.gnu-tools-for-stm32.9-2020-q2-update.win32_2.0.0.202105311346/tools/bin/../lib/gcc/arm-none-eabi/9.3.1/thumb/v7-m/nofp/crti.o
[...]
Memory Configuration

Name             Origin             Length             Attributes
RAM              0x0000000020000000 0x0000000000002800 xrw
FLASH            0x0000000008000000 0x0000000000008000 xr
*default*        0x0000000000000000 0xffffffffffffffff

Linker script and memory map

LOAD c:/st/stm32cubeide_1.7.0/stm32cubeide/plugins/com.st.stm32cube.ide.mcu.externaltools.gnu-tools-for-stm32.9-2020-q2-update.win32_2.0.0.202105311346/tools/bin/../lib/gcc/arm-none-eabi/9.3.1/thumb/v7-m/nofp/crti.o
LOAD c:/st/stm32cubeide_1.7.0/stm32cubeide/plugins/com.st.stm32cube.ide.mcu.externaltools.gnu-tools-for-stm32.9-2020-q2-update.win32_2.0.0.202105311346/tools/bin/../lib/gcc/arm-none-eabi/9.3.1/thumb/v7-m/nofp/crtbegin.o
LOAD c:/st/stm32cubeide_1.7.0/stm32cubeide/plugins/com.st.stm32cube.ide.mcu.externaltools.gnu-tools-for-stm32.9-2020-q2-update.win32_2.0.0.202105311346/tools/bin/../lib/gcc/arm-none-eabi/9.3.1/../../../../arm-none-eabi/lib/thumb/v7-m/nofp/crt0.o
LOAD ./Core/Src/button.o
LOAD ./Core/Src/display.o
LOAD ./Core/Src/fsm_automatic.o
LOAD ./Core/Src/global.o
LOAD ./Core/Src/main.o
LOAD ./Core/Src/softwear.o
LOAD ./Core/Src/stm32f1xx_hal_msp.o
LOAD ./Core/Src/stm32f1xx_it.o
LOAD ./Core/Src/syscalls.o
LOAD ./Core/Src/sysmem.o
LOAD ./Core/Src/system_stm32f1xx.o
LOAD ./Core/Src/todo.o
LOAD ./Core/Startup/startup_stm32f103c6ux.o
LOAD ./Drivers/STM32F1xx_HAL_Driver/Src/stm32f1xx_hal.o
LOAD ./Drivers/STM32F1xx_HAL_Driver/Src/stm32f1xx_hal_cortex.o
LOAD ./Drivers/STM32F1xx_HAL_Driver/Src/stm32f1xx_hal_dma.o
LOAD ./Drivers/STM32F1xx_HAL_Driver/Src/stm32f1xx_hal_exti.o
LOAD ./Drivers/STM32F1xx_HAL_Driver/Src/stm32f1xx_hal_flash.o
LOAD ./Drivers/STM32F1xx_HAL_Driver/Src/stm32f1xx_hal_flash_ex.o
LOAD ./Drivers/STM32F1xx_HAL_Driver/Src/stm32f1xx_hal_gpio.o
LOAD ./Drivers/STM32F1xx_HAL_Driver/Src/stm32f1xx_hal_gpio_ex.o
LOAD ./Drivers/STM32F1xx_HAL_Driver/Src/stm32f1xx_hal_pwr.o
LOAD ./Drivers/STM32F1xx_HAL_Driver/Src/stm32f1xx_hal_rcc.o
LOAD ./Drivers/STM32F1xx_HAL_Driver/Src/stm32f1xx_hal_rcc_ex.o
LOAD ./Drivers/STM32F1xx_HAL_Driver/Src/stm32f1xx_hal_tim.o
LOAD ./Drivers/STM32F1xx_HAL_Driver/Src/stm32f1xx_hal_tim_ex.o
START GROUP
LOAD c:/st/stm32cubeide_1.7.0/stm32cubeide/plugins/com.st.stm32cube.ide.mcu.externaltools.gnu-tools-for-stm32.9-2020-q2-update.win32_2.0.0.202105311346/tools/bin/../lib/gcc/arm-none-eabi/9.3.1/../../../../arm-none-eabi/lib/thumb/v7-m/nofp\libc_nano.a
LOAD c:/st/stm32cubeide_1.7.0/stm32cubeide/plugins/com.st.stm32cube.ide.mcu.externaltools.gnu-tools-for-stm32.9-2020-q2-update.win32_2.0.0.202105311346/tools/bin/../lib/gcc/arm-none-eabi/9.3.1/../../../../arm-none-eabi/lib/thumb/v7-m/nofp\libm.a
END GROUP
START GROUP
LOAD c:/st/stm32cubeide_1.7.0/stm32cubeide/plugins/com.st.stm32cube.ide.mcu.externaltools.gnu-tools-for-stm32.9-2020-q2-update.win32_2.0.0.202105311346/tools/bin/../lib/gcc/arm-none-eabi/9.3.1/thumb/v7-m/nofp\libgcc.a
LOAD c:/st/stm32cubeide_1.7.0/stm32cubeide/plugins/com.st.stm32cube.ide.mcu.externaltools.gnu-tools-for-stm32.9-2020-q2-update.win32_2.0.0.202105311346/tools/bin/../lib/gcc/arm-none-eabi/9.3.1/../../../../arm-none-eabi/lib/thumb/v7-m/nofp\libc_nano.a
END GROUP
START GROUP
LOAD c:/st/stm32cubeide_1.7.0/stm32cubeide/plugins/com.st.stm32cube.ide.mcu.externaltools.gnu-tools-for-stm32.9-2020-q2-update.win32_2.0.0.202105311346/tools/bin/../lib/gcc/arm-none-eabi/9.3.1/thumb/v7-m/nofp\libgcc.a
LOAD c:/st/stm32cubeide_1.7.0/stm32cubeide/plugins/com.st.stm32cube.ide.mcu.externaltools.gnu-tools-for-stm32.9-2020-q2-update.win32_2.0.0.202105311346/tools/bin/../lib/gcc/arm-none-eabi/9.3.1/../../../../arm-none-eabi/lib/thumb/v7-m/nofp\libc_nano.a
LOAD c:/st/stm32cubeide_1.7.0/stm32cubeide/plugins/com.st.stm32cube.ide.mcu.externaltools.gnu-tools-for-stm32.9-2020-q2-update.win32_2.0.0.202105311346/tools/bin/../lib/gcc/arm-none-eabi/9.3.1/../../../../arm-none-eabi/lib/thumb/v7-m/nofp\libnosys.a
END GROUP
START GROUP
LOAD c:/st/stm32cubeide_1.7.0/stm32cubeide/plugins/com.st.stm32cube.ide.mcu.externaltools.gnu-tools-for-stm32.9-2020-q2-update.win32_2.0.0.202105311346/tools/bin/../lib/gcc/arm-none-eabi/9.3.1/thumb/v7-m/nofp\libgcc.a
LOAD c:/st/stm32cubeide_1.7.0/stm32cubeide/plugins/com.st.stm32cube.ide.mcu.externaltools.gnu-tools-for-stm32.9-2020-q2-update.win32_2.0.0.202105311346/tools/bin/../lib/gcc/arm-none-eabi/9.3.1/../../../../arm-none-eabi/lib/thumb/v7-m/nofp\libc_nano.a
LOAD c:/st/stm32cubeide_1.7.0/stm32cubeide/plugins/com.st.stm32cube.ide.mcu.externaltools.gnu-tools-for-stm32.9-2020-q2-update.win32_2.0.0.202105311346/tools/bin/../lib/gcc/arm-none-eabi/9.3.1/../../../../arm-none-eabi/lib/thumb/v7-m/nofp\libnosys.a
END GROUP
LOAD c:/st/stm32cubeide_1.7.0/stm32cubeide/plugins/com.st.stm32cube.ide.mcu.externaltools.gnu-tools-for-stm32.9-2020-q2-update.win32_2.0.0.202105311346/tools/bin/../lib/gcc/arm-none-eabi/9.3.1/thumb/v7-m/nofp/crtend.o
LOAD c:/st/stm32cubeide_1.7.0/stm32cubeide/plugins/com.st.stm32cube.ide.mcu.externaltools.gnu-tools-for-stm32.9-2020-q2-update.win32_2.0.0.202105311346/tools/bin/../lib/gcc/arm-none-eabi/9.3.1/thumb/v7-m/nofp/crtn.o
                0x0000000020002800                _estack = (ORIGIN (RAM) + LENGTH (RAM))
                0x0000000000000200                _Min_Heap_Size = 0x200
                0x0000000000000400                _Min_Stack_Size = 0x400

.isr_vector     0x0000000008000000      0x10c
                0x0000000008000000                . = ALIGN (0x4)
 *(.isr_vector)
 .isr_vector    0x0000000008000000      0x10c ./Core/Startup/startup_stm32f103c6ux.o
                0x0000000008000000                g_pfnVectors
                0x000000000800010c                . = ALIGN (0x4)

.text           0x000000000800010c     0x2d6c
                0x000000000800010c                . = ALIGN (0x4)
 *(.text)
 .text          0x000000000800010c       0x40 c:/st/stm32cubeide_1.7.0/stm32cubeide/plugins/com.st.stm32cube.ide.mcu.externaltools.gnu-tools-for-stm32.9-2020-q2-update.win32_2.0.0.202105311346/tools/bin/../lib/gcc/arm-none-eabi/9.3.1/thumb/v7-m/nofp/crtbegin.o
 .text          0x000000000800014c      0x168 c:/st/stm32cubeide_1.7.0/stm32cubeide/plugins/com.st.stm32cube.ide.mcu.externaltools.gnu-tools-for-stm32.9-2020-q2-update.win32_2.0.0.202105311346/tools/bin/../lib/gcc/arm-none-eabi/9.3.1/thumb/v7-m/nofp\libgcc.a(_arm_mulsf3.o)
                0x000000000800014c                __aeabi_fmul
                0x000000000800014c                __mulsf3
 .text          0x00000000080002b4      0x21c c:/st/stm32cubeide_1.7.0/stm32cubeide/plugins/com.st.stm32cube.ide.mcu.externaltools.gnu-tools-for-stm32.9-2020-q2-update.win32_2.0.0.202105311346/tools/bin/../lib/gcc/arm-none-eabi/9.3.1/thumb/v7-m/nofp\libgcc.a(_arm_addsubsf3.o)
                0x00000000080002b4                __aeabi_frsub
                0x00000000080002bc                __subsf3
                0x00000000080002bc                __aeabi_fsub
                0x00000000080002c0                __aeabi_fadd
                0x00000000080002c0                __addsf3
                0x0000000008000420                __aeabi_ui2f
                0x0000000008000420                __floatunsisf
                0x0000000008000428                __aeabi_i2f
                0x0000000008000428                __floatsisf
                0x0000000008000444                __aeabi_ul2f
                0x0000000008000444                __floatundisf
                0x0000000008000454                __aeabi_l2f
                0x0000000008000454                __floatdisf
 .text          0x00000000080004d0       0x4c c:/st/stm32cubeide_1.7.0/stm32cubeide/plugins/com.st.stm32cube.ide.mcu.externaltools.gnu-tools-for-stm32.9-2020-q2-update.win32_2.0.0.202105311346/tools/bin/../lib/gcc/arm-none-eabi/9.3.1/thumb/v7-m/nofp\libgcc.a(_arm_fixsfsi.o)
                0x00000000080004d0                __aeabi_f2iz
                0x00000000080004d0                __fixsfsi
 *(.text*)
 .text.subKeyProcess1
                0x000000000800051c       0x18 ./Core/Src/button.o
                0x000000000800051c                subKeyProcess1
 .text.isButton1PRESS
                0x0000000008000534       0x24 ./Core/Src/button.o
                0x0000000008000534                isButton1PRESS
 .text.subKeyProcess2
                0x0000000008000558       0x18 ./Core/Src/button.o
                0x0000000008000558                subKeyProcess2
 .text.isButton2PRESS
                0x0000000008000570       0x24 ./Core/Src/button.o
                0x0000000008000570                isButton2PRESS
 .text.subKeyProcess3
                0x0000000008000594       0x18 ./Core/Src/button.o
                0x0000000008000594                subKeyProcess3
 .text.isButton3PRESS
                0x00000000080005ac       0x24 ./Core/Src/button.o
                0x00000000080005ac                isButton3PRESS
 .text.getKeyInput
                0x00000000080005d0      0x1b0 ./Core/Src/button.o
                0x00000000080005d0                getKeyInput
 .text.ledOFF   0x0000000008000780       0x48 ./Core/Src/display.o
                0x0000000008000780                ledOFF
 .text.ledON    0x00000000080007c8       0x48 ./Core/Src/display.o
                0x00000000080007c8                ledON
 .text.ledredON_x
                0x0000000008000810       0x2c ./Core/Src/display.o
                0x0000000008000810                ledredON_x
 .text.ledgreenON_x
                0x000000000800083c       0x2c ./Core/Src/display.o
                0x000000000800083c                ledgreenON_x
 .text.ledyellowON_x
                0x0000000008000868       0x2c ./Core/Src/display.o
                0x0000000008000868                ledyellowON_x
 .text.ledredON_y
                0x0000000008000894       0x2c ./Core/Src/display.o
                0x0000000008000894                ledredON_y
 .text.ledgreenON_y
                0x00000000080008c0       0x2c ./Core/Src/display.o
                0x00000000080008c0                ledgreenON_y
 .text.ledyellowON_y
                0x00000000080008ec       0x2c ./Core/Src/display.o
                0x00000000080008ec                ledyellowON_y
 .text.ledredON
                0x0000000008000918       0x10 ./Core/Src/display.o
                0x0000000008000918                ledredON
 .text.ledgreenON
                0x0000000008000928       0x10 ./Core/Src/display.o
                0x0000000008000928                ledgreenON
 .text.ledyellowON
                0x0000000008000938       0x10 ./Core/Src/display.o
                0x0000000008000938                ledyellowON
 .text.update7SEG
                0x0000000008000948       0xc8 ./Core/Src/display.o
                0x0000000008000948                update7SEG
 .text.updateClockBuffer
                0x0000000008000a10       0x24 ./Core/Src/display.o
                0x0000000008000a10                updateClockBuffer
 .text.display7SEG
                0x0000000008000a34      0x320 ./Core/Src/display.o
                0x0000000008000a34                display7SEG
 .text.fsm_automatic_run
                0x0000000008000d54      0x1c0 ./Core/Src/fsm_automatic.o
                0x0000000008000d54                fsm_automatic_run
 .text.main     0x0000000008000f14       0x98 ./Core/Src/main.o
                0x0000000008000f14                main
 .text.SystemClock_Config
                0x0000000008000fac       0x76 ./Core/Src/main.o
                0x0000000008000fac                SystemClock_Config
 *fill*         0x0000000008001022        0x2 
 .text.MX_TIM2_Init
                0x0000000008001024       0x98 ./Core/Src/main.o
 .text.MX_GPIO_Init
                0x00000000080010bc       0xc4 ./Core/Src/main.o
 .text.HAL_TIM_PeriodElapsedCallback
                0x0000000008001180       0x18 ./Core/Src/main.o
                0x0000000008001180                HAL_TIM_PeriodElapsedCallback
 .text.Error_Handler
                0x0000000008001198        0xa ./Core/Src/main.o
                0x0000000008001198                Error_Handler
 *fill*         0x00000000080011a2        0x2 
 .text.setTimer1
                0x00000000080011a4       0x38 ./Core/Src/softwear.o
                0x00000000080011a4                setTimer1
 .text.setTimer2
                0x00000000080011dc       0x28 ./Core/Src/softwear.o
                0x00000000080011dc                setTimer2
 .text.setTimer3
                0x0000000008001204       0x28 ./Core/Src/softwear.o
                0x0000000008001204                setTimer3
 .text.timerRun
                0x000000000800122c       0x84 ./Core/Src/softwear.o
                0x000000000800122c                timerRun
 .text.HAL_MspInit
                0x00000000080012b0       0x64 ./Core/Src/stm32f1xx_hal_msp.o
                0x00000000080012b0                HAL_MspInit
 .text.HAL_TIM_Base_MspInit
                0x0000000008001314       0x48 ./Core/Src/stm32f1xx_hal_msp.o
                0x0000000008001314                HAL_TIM_Base_MspInit
 .text.NMI_Handler
                0x000000000800135c        0x6 ./Core/Src/stm32f1xx_it.o
                0x000000000800135c                NMI_Handler
 .text.HardFault_Handler
                0x0000000008001362        0x6 ./Core/Src/stm32f1xx_it.o
                0x0000000008001362                HardFault_Handler
 .text.MemManage_Handler
                0x0000000008001368        0x6 ./Core/Src/stm32f1xx_it.o
                0x0000000008001368                MemManage_Handler
 .text.BusFault_Handler
                0x000000000800136e        0x6 ./Core/Src/stm32f1xx_it.o
                0x000000000800136e                BusFault_Handler
 .text.UsageFault_Handler
                0x0000000008001374        0x6 ./Core/Src/stm32f1xx_it.o
                0x0000000008001374                UsageFault_Handler
 .text.SVC_Handler
                0x000000000800137a        0xc ./Core/Src/stm32f1xx_it.o
                0x000000000800137a                SVC_Handler
 .text.DebugMon_Handler
                0x0000000008001386        0xc ./Core/Src/stm32f1xx_it.o
                0x0000000008001386                DebugMon_Handler
 .text.PendSV_Handler
                0x0000000008001392        0xc ./Core/Src/stm32f1xx_it.o
                0x0000000008001392                PendSV_Handler
 .text.SysTick_Handler
                0x000000000800139e        0xc ./Core/Src/stm32f1xx_it.o
                0x000000000800139e                SysTick_Handler
 *fill*         0x00000000080013aa        0x2 
 .text.TIM2_IRQHandler
                0x00000000080013ac       0x14 ./Core/Src/stm32f1xx_it.o
                0x00000000080013ac                TIM2_IRQHandler
 .text.SystemInit
                0x00000000080013c0        0xc ./Core/Src/system_stm32f1xx.o
                0x00000000080013c0                SystemInit
 .text.todoMODE1
                0x00000000080013cc      0x1b4 ./Core/Src/todo.o
                0x00000000080013cc                todoMODE1
 .text.todoMODE2
                0x0000000008001580       0xd0 ./Core/Src/todo.o
                0x0000000008001580                todoMODE2
 .text.todoMODE3
                0x0000000008001650       0xd0 ./Core/Src/todo.o
                0x0000000008001650                todoMODE3
 .text.todoMODE4
                0x0000000008001720       0xd0 ./Core/Src/todo.o
                0x0000000008001720                todoMODE4
 .text.Reset_Handler
                0x00000000080017f0       0x48 ./Core/Startup/startup_stm32f103c6ux.o
                0x00000000080017f0                Reset_Handler
 .text.Default_Handler
                0x0000000008001838        0x2 ./Core/Startup/startup_stm32f103c6ux.o
                0x0000000008001838                RTC_Alarm_IRQHandler
                0x0000000008001838                EXTI2_IRQHandler
                0x0000000008001838                TIM1_CC_IRQHandler
                0x0000000008001838                PVD_IRQHandler
                0x0000000008001838                EXTI3_IRQHandler
                0x0000000008001838                EXTI0_IRQHandler
                0x0000000008001838                ADC1_2_IRQHandler
                0x0000000008001838                SPI1_IRQHandler
                0x0000000008001838                TAMPER_IRQHandler
                0x0000000008001838                DMA1_Channel4_IRQHandler
                0x0000000008001838                RTC_IRQHandler
                0x0000000008001838                DMA1_Channel7_IRQHandler
                0x0000000008001838                CAN1_RX1_IRQHandler
                0x0000000008001838                I2C1_EV_IRQHandler
                0x0000000008001838                DMA1_Channel6_IRQHandler
                0x0000000008001838                TIM3_IRQHandler
                0x0000000008001838                RCC_IRQHandler
                0x0000000008001838                TIM1_TRG_COM_IRQHandler
                0x0000000008001838                DMA1_Channel1_IRQHandler
                0x0000000008001838                Default_Handler
                0x0000000008001838                EXTI15_10_IRQHandler
                0x0000000008001838                EXTI9_5_IRQHandler
                0x0000000008001838                DMA1_Channel5_IRQHandler
                0x0000000008001838                EXTI4_IRQHandler
                0x0000000008001838                USB_LP_CAN1_RX0_IRQHandler
                0x0000000008001838                USB_HP_CAN1_TX_IRQHandler
                0x0000000008001838                DMA1_Channel3_IRQHandler
                0x0000000008001838                TIM1_UP_IRQHandler
                0x0000000008001838                WWDG_IRQHandler
                0x0000000008001838                TIM1_BRK_IRQHandler
                0x0000000008001838                EXTI1_IRQHandler
                0x0000000008001838                USART2_IRQHandler
                0x0000000008001838                DMA1_Channel2_IRQHandler
                0x0000000008001838                CAN1_SCE_IRQHandler
                0x0000000008001838                FLASH_IRQHandler
                0x0000000008001838                USART1_IRQHandler
                0x0000000008001838                I2C1_ER_IRQHandler
                0x0000000008001838                USBWakeUp_IRQHandler
 *fill*         0x000000000800183a        0x2 
 .text.HAL_Init
                0x000000000800183c       0x2c ./Drivers/STM32F1xx_HAL_Driver/Src/stm32f1xx_hal.o
                0x000000000800183c                HAL_Init
 .text.HAL_InitTick
                0x0000000008001868       0x60 ./Drivers/STM32F1xx_HAL_Driver/Src/stm32f1xx_hal.o
                0x0000000008001868                HAL_InitTick
 .text.HAL_IncTick
                0x00000000080018c8       0x24 ./Drivers/STM32F1xx_HAL_Driver/Src/stm32f1xx_hal.o
                0x00000000080018c8                HAL_IncTick
 .text.HAL_GetTick
                0x00000000080018ec       0x14 ./Drivers/STM32F1xx_HAL_Driver/Src/stm32f1xx_hal.o
                0x00000000080018ec                HAL_GetTick
 .text.__NVIC_SetPriorityGrouping
                0x0000000008001900       0x48 ./Drivers/STM32F1xx_HAL_Driver/Src/stm32f1xx_hal_cortex.o
 .text.__NVIC_GetPriorityGrouping
                0x0000000008001948       0x1c ./Drivers/STM32F1xx_HAL_Driver/Src/stm32f1xx_hal_cortex.o
 .text.__NVIC_EnableIRQ
                0x0000000008001964       0x38 ./Drivers/STM32F1xx_HAL_Driver/Src/stm32f1xx_hal_cortex.o
 .text.__NVIC_SetPriority
                0x000000000800199c       0x54 ./Drivers/STM32F1xx_HAL_Driver/Src/stm32f1xx_hal_cortex.o
 .text.NVIC_EncodePriority
                0x00000000080019f0       0x64 ./Drivers/STM32F1xx_HAL_Driver/Src/stm32f1xx_hal_cortex.o
 .text.SysTick_Config
                0x0000000008001a54       0x44 ./Drivers/STM32F1xx_HAL_Driver/Src/stm32f1xx_hal_cortex.o
 .text.HAL_NVIC_SetPriorityGrouping
                0x0000000008001a98       0x16 ./Drivers/STM32F1xx_HAL_Driver/Src/stm32f1xx_hal_cortex.o
                0x0000000008001a98                HAL_NVIC_SetPriorityGrouping
 .text.HAL_NVIC_SetPriority
                0x0000000008001aae       0x38 ./Drivers/STM32F1xx_HAL_Driver/Src/stm32f1xx_hal_cortex.o
                0x0000000008001aae                HAL_NVIC_SetPriority
 .text.HAL_NVIC_EnableIRQ
                0x0000000008001ae6       0x1c ./Drivers/STM32F1xx_HAL_Driver/Src/stm32f1xx_hal_cortex.o
                0x0000000008001ae6                HAL_NVIC_EnableIRQ
 .text.HAL_SYSTICK_Config
                0x0000000008001b02       0x18 ./Drivers/STM32F1xx_HAL_Driver/Src/stm32f1xx_hal_cortex.o
                0x0000000008001b02                HAL_SYSTICK_Config
 *fill*         0x0000000008001b1a        0x2 
 .text.HAL_GPIO_Init
                0x0000000008001b1c      0x2f4 ./Drivers/STM32F1xx_HAL_Driver/Src/stm32f1xx_hal_gpio.o
                0x0000000008001b1c                HAL_GPIO_Init
 .text.HAL_GPIO_ReadPin
                0x0000000008001e10       0x2e ./Drivers/STM32F1xx_HAL_Driver/Src/stm32f1xx_hal_gpio.o
                0x0000000008001e10                HAL_GPIO_ReadPin
 .text.HAL_GPIO_WritePin
                0x0000000008001e3e       0x30 ./Drivers/STM32F1xx_HAL_Driver/Src/stm32f1xx_hal_gpio.o
                0x0000000008001e3e                HAL_GPIO_WritePin
 *fill*         0x0000000008001e6e        0x2 
 .text.HAL_RCC_OscConfig
                0x0000000008001e70      0x500 ./Drivers/STM32F1xx_HAL_Driver/Src/stm32f1xx_hal_rcc.o
                0x0000000008001e70                HAL_RCC_OscConfig
 .text.HAL_RCC_ClockConfig
                0x0000000008002370      0x1d4 ./Drivers/STM32F1xx_HAL_Driver/Src/stm32f1xx_hal_rcc.o
                0x0000000008002370                HAL_RCC_ClockConfig
 .text.HAL_RCC_GetSysClockFreq
                0x0000000008002544       0xc0 ./Drivers/STM32F1xx_HAL_Driver/Src/stm32f1xx_hal_rcc.o
                0x0000000008002544                HAL_RCC_GetSysClockFreq
 .text.RCC_Delay
                0x0000000008002604       0x3c ./Drivers/STM32F1xx_HAL_Driver/Src/stm32f1xx_hal_rcc.o
 .text.HAL_TIM_Base_Init
                0x0000000008002640       0x9e ./Drivers/STM32F1xx_HAL_Driver/Src/stm32f1xx_hal_tim.o
                0x0000000008002640                HAL_TIM_Base_Init
 *fill*         0x00000000080026de        0x2 
 .text.HAL_TIM_Base_Start_IT
                0x00000000080026e0       0x98 ./Drivers/STM32F1xx_HAL_Driver/Src/stm32f1xx_hal_tim.o
                0x00000000080026e0                HAL_TIM_Base_Start_IT
 .text.HAL_TIM_IRQHandler
                0x0000000008002778      0x210 ./Drivers/STM32F1xx_HAL_Driver/Src/stm32f1xx_hal_tim.o
                0x0000000008002778                HAL_TIM_IRQHandler
 .text.HAL_TIM_ConfigClockSource
                0x0000000008002988      0x188 ./Drivers/STM32F1xx_HAL_Driver/Src/stm32f1xx_hal_tim.o
                0x0000000008002988                HAL_TIM_ConfigClockSource
 .text.HAL_TIM_OC_DelayElapsedCallback
                0x0000000008002b10       0x12 ./Drivers/STM32F1xx_HAL_Driver/Src/stm32f1xx_hal_tim.o
                0x0000000008002b10                HAL_TIM_OC_DelayElapsedCallback
 .text.HAL_TIM_IC_CaptureCallback
                0x0000000008002b22       0x12 ./Drivers/STM32F1xx_HAL_Driver/Src/stm32f1xx_hal_tim.o
                0x0000000008002b22                HAL_TIM_IC_CaptureCallback
 .text.HAL_TIM_PWM_PulseFinishedCallback
                0x0000000008002b34       0x12 ./Drivers/STM32F1xx_HAL_Driver/Src/stm32f1xx_hal_tim.o
                0x0000000008002b34                HAL_TIM_PWM_PulseFinishedCallback
 .text.HAL_TIM_TriggerCallback
                0x0000000008002b46       0x12 ./Drivers/STM32F1xx_HAL_Driver/Src/stm32f1xx_hal_tim.o
                0x0000000008002b46                HAL_TIM_TriggerCallback
 .text.TIM_Base_SetConfig
                0x0000000008002b58       0xb0 ./Drivers/STM32F1xx_HAL_Driver/Src/stm32f1xx_hal_tim.o
                0x0000000008002b58                TIM_Base_SetConfig
 .text.TIM_TI1_ConfigInputStage
                0x0000000008002c08       0x5c ./Drivers/STM32F1xx_HAL_Driver/Src/stm32f1xx_hal_tim.o
 .text.TIM_TI2_ConfigInputStage
                0x0000000008002c64       0x5e ./Drivers/STM32F1xx_HAL_Driver/Src/stm32f1xx_hal_tim.o
 .text.TIM_ITRx_SetConfig
                0x0000000008002cc2       0x34 ./Drivers/STM32F1xx_HAL_Driver/Src/stm32f1xx_hal_tim.o
 .text.TIM_ETR_SetConfig
                0x0000000008002cf6       0x3e ./Drivers/STM32F1xx_HAL_Driver/Src/stm32f1xx_hal_tim.o
                0x0000000008002cf6                TIM_ETR_SetConfig
 .text.HAL_TIMEx_MasterConfigSynchronization
                0x0000000008002d34       0xb0 ./Drivers/STM32F1xx_HAL_Driver/Src/stm32f1xx_hal_tim_ex.o
                0x0000000008002d34                HAL_TIMEx_MasterConfigSynchronization
 .text.HAL_TIMEx_CommutCallback
                0x0000000008002de4       0x12 ./Drivers/STM32F1xx_HAL_Driver/Src/stm32f1xx_hal_tim_ex.o
                0x0000000008002de4                HAL_TIMEx_CommutCallback
 .text.HAL_TIMEx_BreakCallback
                0x0000000008002df6       0x12 ./Drivers/STM32F1xx_HAL_Driver/Src/stm32f1xx_hal_tim_ex.o
                0x0000000008002df6                HAL_TIMEx_BreakCallback
 .text.__libc_init_array
                0x0000000008002e08       0x48 c:/st/stm32cubeide_1.7.0/stm32cubeide/plugins/com.st.stm32cube.ide.mcu.externaltools.gnu-tools-for-stm32.9-2020-q2-update.win32_2.0.0.202105311346/tools/bin/../lib/gcc/arm-none-eabi/9.3.1/../../../../arm-none-eabi/lib/thumb/v7-m/nofp\libc_nano.a(lib_a-init.o)
                0x0000000008002e08                __libc_init_array
 .text.memset   0x0000000008002e50       0x10 c:/st/stm32cubeide_1.7.0/stm32cubeide/plugins/com.st.stm32cube.ide.mcu.externaltools.gnu-tools-for-stm32.9-2020-q2-update.win32_2.0.0.202105311346/tools/bin/../lib/gcc/arm-none-eabi/9.3.1/../../../../arm-none-eabi/lib/thumb/v7-m/nofp\libc_nano.a(lib_a-memset.o)
                0x0000000008002e50                memset
 *(.glue_7)
 .glue_7        0x0000000008002e60        0x0 linker stubs
 *(.glue_7t)
 .glue_7t       0x0000000008002e60        0x0 linker stubs
 *(.eh_frame)
 .eh_frame      0x0000000008002e60        0x0 c:/st/stm32cubeide_1.7.0/stm32cubeide/plugins/com.st.stm32cube.ide.mcu.externaltools.gnu-tools-for-stm32.9-2020-q2-update.win32_2.0.0.202105311346/tools/bin/../lib/gcc/arm-none-eabi/9.3.1/thumb/v7-m/nofp/crtbegin.o
 *(.init)
 .init          0x0000000008002e60        0x4 c:/st/stm32cubeide_1.7.0/stm32cubeide/plugins/com.st.stm32cube.ide.mcu.externaltools.gnu-tools-for-stm32.9-2020-q2-update.win32_2.0.0.202105311346/tools/bin/../lib/gcc/arm-none-eabi/9.3.1/thumb/v7-m/nofp/crti.o
                0x0000000008002e60                _init
 .init          0x0000000008002e64        0x8 c:/st/stm32cubeide_1.7.0/stm32cubeide/plugins/com.st.stm32cube.ide.mcu.externaltools.gnu-tools-for-stm32.9-2020-q2-update.win32_2.0.0.202105311346/tools/bin/../lib/gcc/arm-none-eabi/9.3.1/thumb/v7-m/nofp/crtn.o
 *(.fini)
 .fini          0x0000000008002e6c        0x4 c:/st/stm32cubeide_1.7.0/stm32cubeide/plugins/com.st.stm32cube.ide.mcu.externaltools.gnu-tools-for-stm32.9-2020-q2-update.win32_2.0.0.202105311346/tools/bin/../lib/gcc/arm-none-eabi/9.3.1/thumb/v7-m/nofp/crti.o
                0x0000000008002e6c                _fini
 .fini          0x0000000008002e70        0x8 c:/st/stm32cubeide_1.7.0/stm32cubeide/plugins/com.st.stm32cube.ide.mcu.externaltools.gnu-tools-for-stm32.9-2020-q2-update.win32_2.0.0.202105311346/tools/bin/../lib/gcc/arm-none-eabi/9.3.1/thumb/v7-m/nofp/crtn.o
                0x0000000008002e78                . = ALIGN (0x4)
                0x0000000008002e78                _etext = .

.vfp11_veneer   0x0000000008002e78        0x0
 .vfp11_veneer  0x0000000008002e78        0x0 linker stubs

.v4_bx          0x0000000008002e78        0x0
 .v4_bx         0x0000000008002e78        0x0 linker stubs

.iplt           0x0000000008002e78        0x0
 .iplt          0x0000000008002e78        0x0 c:/st/stm32cubeide_1.7.0/stm32cubeide/plugins/com.st.stm32cube.ide.mcu.externaltools.gnu-tools-for-stm32.9-2020-q2-update.win32_2.0.0.202105311346/tools/bin/../lib/gcc/arm-none-eabi/9.3.1/thumb/v7-m/nofp/crtbegin.o

.rodata         0x0000000008002e78       0x20
                0x0000000008002e78                . = ALIGN (0x4)
 *(.rodata)
 .rodata        0x0000000008002e78       0x10 ./Drivers/STM32F1xx_HAL_Driver/Src/stm32f1xx_hal_rcc.o
 *(.rodata*)
 .rodata.AHBPrescTable
                0x0000000008002e88       0x10 ./Core/Src/system_stm32f1xx.o
                0x0000000008002e88                AHBPrescTable
                0x0000000008002e98                . = ALIGN (0x4)

.rel.dyn        0x0000000008002e98        0x0
 .rel.iplt      0x0000000008002e98        0x0 c:/st/stm32cubeide_1.7.0/stm32cubeide/plugins/com.st.stm32cube.ide.mcu.externaltools.gnu-tools-for-stm32.9-2020-q2-update.win32_2.0.0.202105311346/tools/bin/../lib/gcc/arm-none-eabi/9.3.1/thumb/v7-m/nofp/crtbegin.o

.ARM.extab      0x0000000008002e98        0x0
                0x0000000008002e98                . = ALIGN (0x4)
 *(.ARM.extab* .gnu.linkonce.armextab.*)
                0x0000000008002e98                . = ALIGN (0x4)

.ARM            0x0000000008002e98        0x0
                0x0000000008002e98                . = ALIGN (0x4)
                0x0000000008002e98                __exidx_start = .
 *(.ARM.exidx*)
                0x0000000008002e98                __exidx_end = .
                0x0000000008002e98                . = ALIGN (0x4)

.preinit_array  0x0000000008002e98        0x0
                0x0000000008002e98                . = ALIGN (0x4)
                0x0000000008002e98                PROVIDE (__preinit_array_start = .)
 *(.preinit_array*)
                0x0000000008002e98                PROVIDE (__preinit_array_end = .)
                0x0000000008002e98                . = ALIGN (0x4)

.init_array     0x0000000008002e98        0x4
                0x0000000008002e98                . = ALIGN (0x4)
                0x0000000008002e98                PROVIDE (__init_array_start = .)
 *(SORT_BY_NAME(.init_array.*))
 *(.init_array*)
 .init_array    0x0000000008002e98        0x4 c:/st/stm32cubeide_1.7.0/stm32cubeide/plugins/com.st.stm32cube.ide.mcu.externaltools.gnu-tools-for-stm32.9-2020-q2-update.win32_2.0.0.202105311346/tools/bin/../lib/gcc/arm-none-eabi/9.3.1/thumb/v7-m/nofp/crtbegin.o
                0x0000000008002e9c                PROVIDE (__init_array_end = .)
                0x0000000008002e9c                . = ALIGN (0x4)

.fini_array     0x0000000008002e9c        0x4
                0x0000000008002e9c                . = ALIGN (0x4)
                [!provide]                        PROVIDE (__fini_array_start = .)
 *(SORT_BY_NAME(.fini_array.*))
 *(.fini_array*)
 .fini_array    0x0000000008002e9c        0x4 c:/st/stm32cubeide_1.7.0/stm32cubeide/plugins/com.st.stm32cube.ide.mcu.externaltools.gnu-tools-for-stm32.9-2020-q2-update.win32_2.0.0.202105311346/tools/bin/../lib/gcc/arm-none-eabi/9.3.1/thumb/v7-m/nofp/crtbegin.o
                [!provide]                        PROVIDE (__fini_array_end = .)
                0x0000000008002ea0                . = ALIGN (0x4)
                0x0000000008002ea0                _sidata = LOADADDR (.data)

.data           0x0000000020000000       0x44 load address 0x0000000008002ea0
                0x0000000020000000                . = ALIGN (0x4)
                0x0000000020000000                _sdata = .
 *(.data)
 *(.data*)
 .data.KeyReg0  0x0000000020000000        0x4 ./Core/Src/button.o
                0x0000000020000000                KeyReg0
 .data.KeyReg1  0x0000000020000004        0x4 ./Core/Src/button.o
                0x0000000020000004                KeyReg1
 .data.KeyReg2  0x0000000020000008        0x4 ./Core/Src/button.o
                0x0000000020000008                KeyReg2
 .data.KeyReg3  0x000000002000000c        0x4 ./Core/Src/button.o
                0x000000002000000c                KeyReg3
 .data.KeyReg4  0x0000000020000010        0x4 ./Core/Src/button.o
                0x0000000020000010                KeyReg4
 .data.KeyReg5  0x0000000020000014        0x4 ./Core/Src/button.o
                0x0000000020000014                KeyReg5
 .data.KeyReg6  0x0000000020000018        0x4 ./Core/Src/button.o
                0x0000000020000018                KeyReg6
 .data.KeyReg7  0x000000002000001c        0x4 ./Core/Src/button.o
                0x000000002000001c                KeyReg7
 .data.KeyReg8  0x0000000020000020        0x4 ./Core/Src/button.o
                0x0000000020000020                KeyReg8
 .data.KeyReg9  0x0000000020000024        0x4 ./Core/Src/button.o
                0x0000000020000024                KeyReg9
 .data.KeyReg10
                0x0000000020000028        0x4 ./Core/Src/button.o
                0x0000000020000028                KeyReg10
 .data.KeyReg11
                0x000000002000002c        0x4 ./Core/Src/button.o
                0x000000002000002c                KeyReg11
 .data.TimeForKeyPress
                0x0000000020000030        0x4 ./Core/Src/button.o
                0x0000000020000030                TimeForKeyPress
 .data.SystemCoreClock
                0x0000000020000034        0x4 ./Core/Src/system_stm32f1xx.o
                0x0000000020000034                SystemCoreClock
 .data.value    0x0000000020000038        0x4 ./Core/Src/todo.o
                0x0000000020000038                value
 .data.uwTickPrio
                0x000000002000003c        0x4 ./Drivers/STM32F1xx_HAL_Driver/Src/stm32f1xx_hal.o
                0x000000002000003c                uwTickPrio
 .data.uwTickFreq
                0x0000000020000040        0x1 ./Drivers/STM32F1xx_HAL_Driver/Src/stm32f1xx_hal.o
                0x0000000020000040                uwTickFreq
 *(.RamFunc)
 *(.RamFunc*)
                0x0000000020000044                . = ALIGN (0x4)
 *fill*         0x0000000020000041        0x3 
                0x0000000020000044                _edata = .

.igot.plt       0x0000000020000044        0x0 load address 0x0000000008002ee4
 .igot.plt      0x0000000020000044        0x0 c:/st/stm32cubeide_1.7.0/stm32cubeide/plugins/com.st.stm32cube.ide.mcu.externaltools.gnu-tools-for-stm32.9-2020-q2-update.win32_2.0.0.202105311346/tools/bin/../lib/gcc/arm-none-eabi/9.3.1/thumb/v7-m/nofp/crtbegin.o
                0x0000000020000044                . = ALIGN (0x4)

.bss            0x0000000020000044       0xb4 load address 0x0000000008002ee4
                0x0000000020000044                _sbss = .
                0x0000000020000044                __bss_start__ = _sbss
 *(.bss)
 .bss           0x0000000020000044       0x1c c:/st/stm32cubeide_1.7.0/stm32cubeide/plugins/com.st.stm32cube.ide.mcu.externaltools.gnu-tools-for-stm32.9-2020-q2-update.win32_2.0.0.202105311346/tools/bin/../lib/gcc/arm-none-eabi/9.3.1/thumb/v7-m/nofp/crtbegin.o
 *(.bss*)
 .bss.button1_flag
                0x0000000020000060        0x4 ./Core/Src/button.o
                0x0000000020000060                button1_flag
 .bss.button2_flag
                0x0000000020000064        0x4 ./Core/Src/button.o
                0x0000000020000064                button2_flag
 .bss.button3_flag
                0x0000000020000068        0x4 ./Core/Src/button.o
                0x0000000020000068                button3_flag
 .bss.status    0x000000002000006c        0x4 ./Core/Src/global.o
                0x000000002000006c                status
 .bss.timer1_flag
                0x0000000020000070        0x4 ./Core/Src/softwear.o
                0x0000000020000070                timer1_flag
 .bss.timer1_counter
                0x0000000020000074        0x4 ./Core/Src/softwear.o
                0x0000000020000074                timer1_counter
 .bss.timer2_flag
                0x0000000020000078        0x4 ./Core/Src/softwear.o
                0x0000000020000078                timer2_flag
 .bss.timer2_counter
                0x000000002000007c        0x4 ./Core/Src/softwear.o
                0x000000002000007c                timer2_counter
 .bss.timer3_flag
                0x0000000020000080        0x4 ./Core/Src/softwear.o
                0x0000000020000080                timer3_flag
 .bss.timer3_counter
                0x0000000020000084        0x4 ./Core/Src/softwear.o
                0x0000000020000084                timer3_counter
 .bss.temp      0x0000000020000088        0x4 ./Core/Src/todo.o
                0x0000000020000088                temp
 .bss.state_MODE1_x
                0x000000002000008c        0x4 ./Core/Src/todo.o
                0x000000002000008c                state_MODE1_x
 .bss.state_MODE1_y
                0x0000000020000090        0x4 ./Core/Src/todo.o
                0x0000000020000090                state_MODE1_y
 *(COMMON)
 COMMON         0x0000000020000094       0x10 ./Core/Src/display.o
                0x0000000020000094                led_buffer
 COMMON         0x00000000200000a4       0x48 ./Core/Src/main.o
                0x00000000200000a4                htim2
 COMMON         0x00000000200000ec        0x8 ./Core/Src/todo.o
                0x00000000200000ec                counter_x
                0x00000000200000f0                counter_y
 COMMON         0x00000000200000f4        0x4 ./Drivers/STM32F1xx_HAL_Driver/Src/stm32f1xx_hal.o
                0x00000000200000f4                uwTick
                0x00000000200000f8                . = ALIGN (0x4)
                0x00000000200000f8                _ebss = .
                0x00000000200000f8                __bss_end__ = _ebss

._user_heap_stack
                0x00000000200000f8      0x600 load address 0x0000000008002ee4
                0x00000000200000f8                . = ALIGN (0x8)
                [!provide]                        PROVIDE (end = .)
                0x00000000200000f8                PROVIDE (_end = .)
                0x00000000200002f8                . = (. + _Min_Heap_Size)
 *fill*         0x00000000200000f8      0x200 
                0x00000000200006f8                . = (. + _Min_Stack_Size)
 *fill*         0x00000000200002f8      0x400 
                0x00000000200006f8                . = ALIGN (0x8)

/DISCARD/
 libc.a(*)
 libm.a(*)
 libgcc.a(*)

.ARM.attributes
                0x0000000000000000       0x29
 *(.ARM.attributes)
 .ARM.attributes
                0x0000000000000000       0x1d c:/st/stm32cubeide_1.7.0/stm32cubeide/plugins/com.st.stm32cube.ide.mcu.externaltools.gnu-tools-for-stm32.9-2020-q2-update.win32_2.0.0.202105311346/tools/bin/../lib/gcc/arm-none-eabi/9.3.1/thumb/v7-m/nofp/crti.o
 .ARM.attributes
                0x000000000000001d       0x2d c:/st/stm32cubeide_1.7.0/stm32cubeide/plugins/com.st.stm32cube.ide.mcu.externaltools.gnu-tools-for-stm32.9-2020-q2-update.win32_2.0.0.202105311346/tools/bin/../lib/gcc/arm-none-eabi/9.3.1/thumb/v7-m/nofp/crtbegin.o
 .ARM.attributes
                0x000000000000004a       0x2d ./Core/Src/button.o
 .ARM.attributes
                0x0000000000000077       0x2d ./Core/Src/display.o
 .ARM.attributes
                0x00000000000000a4       0x2d ./Core/Src/fsm_automatic.o
 .ARM.attributes
                0x00000000000000d1       0x33 ./Core/Src/global.o
 .ARM.attributes
                0x0000000000000104       0x2d ./Core/Src/main.o
 .ARM.attributes
                0x0000000000000131       0x2d ./Core/Src/softwear.o
 .ARM.attributes
                0x000000000000015e       0x2d ./Core/Src/stm32f1xx_hal_msp.o
 .ARM.attributes
                0x000000000000018b       0x2d ./Core/Src/stm32f1xx_it.o
 .ARM.attributes
                0x00000000000001b8       0x2d ./Core/Src/system_stm32f1xx.o
 .ARM.attributes
                0x00000000000001e5       0x2d ./Core/Src/todo.o
 .ARM.attributes
                0x0000000000000212       0x21 ./Core/Startup/startup_stm32f103c6ux.o
 .ARM.attributes
                0x0000000000000233       0x2d ./Drivers/STM32F1xx_HAL_Driver/Src/stm32f1xx_hal.o
 .ARM.attributes
                0x0000000000000260       0x2d ./Drivers/STM32F1xx_HAL_Driver/Src/stm32f1xx_hal_cortex.o
 .ARM.attributes
                0x000000000000028d       0x2d ./Drivers/STM32F1xx_HAL_Driver/Src/stm32f1xx_hal_gpio.o
 .ARM.attributes
                0x00000000000002ba       0x2d ./Drivers/STM32F1xx_HAL_Driver/Src/stm32f1xx_hal_rcc.o
 .ARM.attributes
                0x00000000000002e7       0x2d ./Drivers/STM32F1xx_HAL_Driver/Src/stm32f1xx_hal_tim.o
 .ARM.attributes
                0x0000000000000314       0x2d ./Drivers/STM32F1xx_HAL_Driver/Src/stm32f1xx_hal_tim_ex.o
 .ARM.attributes
                0x0000000000000341       0x2d c:/st/stm32cubeide_1.7.0/stm32cubeide/plugins/com.st.stm32cube.ide.mcu.externaltools.gnu-tools-for-stm32.9-2020-q2-update.win32_2.0.0.202105311346/tools/bin/../lib/gcc/arm-none-eabi/9.3.1/../../../../arm-none-eabi/lib/thumb/v7-m/nofp\libc_nano.a(lib_a-init.o)
 .ARM.attributes
                0x000000000000036e       0x2d c:/st/stm32cubeide_1.7.0/stm32cubeide/plugins/com.st.stm32cube.ide.mcu.externaltools.gnu-tools-for-stm32.9-2020-q2-update.win32_2.0.0.202105311346/tools/bin/../lib/gcc/arm-none-eabi/9.3.1/../../../../arm-none-eabi/lib/thumb/v7-m/nofp\libc_nano.a(lib_a-memset.o)
 .ARM.attributes
                0x000000000000039b       0x1d c:/st/stm32cubeide_1.7.0/stm32cubeide/plugins/com.st.stm32cube.ide.mcu.externaltools.gnu-tools-for-stm32.9-2020-q2-update.win32_2.0.0.202105311346/tools/bin/../lib/gcc/arm-none-eabi/9.3.1/thumb/v7-m/nofp\libgcc.a(_arm_mulsf3.o)
 .ARM.attributes
                0x00000000000003b8       0x1d c:/st/stm32cubeide_1.7.0/stm32cubeide/plugins/com.st.stm32cube.ide.mcu.externaltools.gnu-tools-for-stm32.9-2020-q2-update.win32_2.0.0.202105311346/tools/bin/../lib/gcc/arm-none-eabi/9.3.1/thumb/v7-m/nofp\libgcc.a(_arm_addsubsf3.o)
 .ARM.attributes
                0x00000000000003d5       0x1d c:/st/stm32cubeide_1.7.0/stm32cubeide/plugins/com.st.stm32cube.ide.mcu.externaltools.gnu-tools-for-stm32.9-2020-q2-update.win32_2.0.0.202105311346/tools/bin/../lib/gcc/arm-none-eabi/9.3.1/thumb/v7-m/nofp\libgcc.a(_arm_fixsfsi.o)
 .ARM.attributes
                0x00000000000003f2       0x1d c:/st/stm32cubeide_1.7.0/stm32cubeide/plugins/com.st.stm32cube.ide.mcu.externaltools.gnu-tools-for-stm32.9-2020-q2-update.win32_2.0.0.202105311346/tools/bin/../lib/gcc/arm-none-eabi/9.3.1/thumb/v7-m/nofp/crtn.o
OUTPUT(test_ver2.elf elf32-littlearm)
LOAD linker stubs
LOAD c:/st/stm32cubeide_1.7.0/stm32cubeide/plugins/com.st.stm32cube.ide.mcu.externaltools.gnu-tools-for-stm32.9-2020-q2-update.win32_2.0.0.202105311346/tools/bin/../lib/gcc/arm-none-eabi/9.3.1/../../../../arm-none-eabi/lib/thumb/v7-m/nofp\libc.a
LOAD c:/st/stm32cubeide_1.7.0/stm32cubeide/plugins/com.st.stm32cube.ide.mcu.externaltools.gnu-tools-for-stm32.9-2020-q2-update.win32_2.0.0.202105311346/tools/bin/../lib/gcc/arm-none-eabi/9.3.1/../../../../arm-none-eabi/lib/thumb/v7-m/nofp\libm.a
LOAD c:/st/stm32cubeide_1.7.0/stm32cubeide/plugins/com.st.stm32cube.ide.mcu.externaltools.gnu-tools-for-stm32.9-2020-q2-update.win32_2.0.0.202105311346/tools/bin/../lib/gcc/arm-none-eabi/9.3.1/thumb/v7-m/nofp\libgcc.a

.debug_info     0x0000000000000000     0x9234
 .debug_info    0x0000000000000000      0x3d7 ./Core/Src/button.o
 .debug_info    0x00000000000003d7      0x396 ./Core/Src/display.o
 .debug_info    0x000000000000076d      0x235 ./Core/Src/fsm_automatic.o
 .debug_info    0x00000000000009a2      0x1b6 ./Core/Src/global.o
 .debug_info    0x0000000000000b58      0xc62 ./Core/Src/main.o
 .debug_info    0x00000000000017ba      0x134 ./Core/Src/softwear.o
 .debug_info    0x00000000000018ee      0xa04 ./Core/Src/stm32f1xx_hal_msp.o
 .debug_info    0x00000000000022f2      0x7b4 ./Core/Src/stm32f1xx_it.o
 .debug_info    0x0000000000002aa6      0x2be ./Core/Src/system_stm32f1xx.o
 .debug_info    0x0000000000002d64      0x2fb ./Core/Src/todo.o
 .debug_info    0x000000000000305f       0x22 ./Core/Startup/startup_stm32f103c6ux.o
 .debug_info    0x0000000000003081      0x74c ./Drivers/STM32F1xx_HAL_Driver/Src/stm32f1xx_hal.o
 .debug_info    0x00000000000037cd      0xbbe ./Drivers/STM32F1xx_HAL_Driver/Src/stm32f1xx_hal_cortex.o
 .debug_info    0x000000000000438b      0x701 ./Drivers/STM32F1xx_HAL_Driver/Src/stm32f1xx_hal_gpio.o
 .debug_info    0x0000000000004a8c      0x88e ./Drivers/STM32F1xx_HAL_Driver/Src/stm32f1xx_hal_rcc.o
 .debug_info    0x000000000000531a     0x2a45 ./Drivers/STM32F1xx_HAL_Driver/Src/stm32f1xx_hal_tim.o
 .debug_info    0x0000000000007d5f     0x14d5 ./Drivers/STM32F1xx_HAL_Driver/Src/stm32f1xx_hal_tim_ex.o

.debug_abbrev   0x0000000000000000     0x1a84
 .debug_abbrev  0x0000000000000000      0x13b ./Core/Src/button.o
 .debug_abbrev  0x000000000000013b      0x16c ./Core/Src/display.o
 .debug_abbrev  0x00000000000002a7       0xb6 ./Core/Src/fsm_automatic.o
 .debug_abbrev  0x000000000000035d       0xa9 ./Core/Src/global.o
 .debug_abbrev  0x0000000000000406      0x237 ./Core/Src/main.o
 .debug_abbrev  0x000000000000063d       0xc3 ./Core/Src/softwear.o
 .debug_abbrev  0x0000000000000700      0x1b7 ./Core/Src/stm32f1xx_hal_msp.o
 .debug_abbrev  0x00000000000008b7      0x176 ./Core/Src/stm32f1xx_it.o
 .debug_abbrev  0x0000000000000a2d      0x14e ./Core/Src/system_stm32f1xx.o
 .debug_abbrev  0x0000000000000b7b       0xd8 ./Core/Src/todo.o
 .debug_abbrev  0x0000000000000c53       0x12 ./Core/Startup/startup_stm32f103c6ux.o
 .debug_abbrev  0x0000000000000c65      0x1ed ./Drivers/STM32F1xx_HAL_Driver/Src/stm32f1xx_hal.o
 .debug_abbrev  0x0000000000000e52      0x313 ./Drivers/STM32F1xx_HAL_Driver/Src/stm32f1xx_hal_cortex.o
 .debug_abbrev  0x0000000000001165      0x1e8 ./Drivers/STM32F1xx_HAL_Driver/Src/stm32f1xx_hal_gpio.o
 .debug_abbrev  0x000000000000134d      0x273 ./Drivers/STM32F1xx_HAL_Driver/Src/stm32f1xx_hal_rcc.o
 .debug_abbrev  0x00000000000015c0      0x25e ./Drivers/STM32F1xx_HAL_Driver/Src/stm32f1xx_hal_tim.o
 .debug_abbrev  0x000000000000181e      0x266 ./Drivers/STM32F1xx_HAL_Driver/Src/stm32f1xx_hal_tim_ex.o

.debug_aranges  0x0000000000000000      0xab0
 .debug_aranges
                0x0000000000000000       0x50 ./Core/Src/button.o
 .debug_aranges
                0x0000000000000050       0x88 ./Core/Src/display.o
 .debug_aranges
                0x00000000000000d8       0x20 ./Core/Src/fsm_automatic.o
 .debug_aranges
                0x00000000000000f8       0x18 ./Core/Src/global.o
 .debug_aranges
                0x0000000000000110       0x48 ./Core/Src/main.o
 .debug_aranges
                0x0000000000000158       0x38 ./Core/Src/softwear.o
 .debug_aranges
                0x0000000000000190       0x30 ./Core/Src/stm32f1xx_hal_msp.o
 .debug_aranges
                0x00000000000001c0       0x68 ./Core/Src/stm32f1xx_it.o
 .debug_aranges
                0x0000000000000228       0x28 ./Core/Src/system_stm32f1xx.o
 .debug_aranges
                0x0000000000000250       0x38 ./Core/Src/todo.o
 .debug_aranges
                0x0000000000000288       0x28 ./Core/Startup/startup_stm32f103c6ux.o
 .debug_aranges
                0x00000000000002b0       0xe0 ./Drivers/STM32F1xx_HAL_Driver/Src/stm32f1xx_hal.o
 .debug_aranges
                0x0000000000000390      0x100 ./Drivers/STM32F1xx_HAL_Driver/Src/stm32f1xx_hal_cortex.o
 .debug_aranges
                0x0000000000000490       0x58 ./Drivers/STM32F1xx_HAL_Driver/Src/stm32f1xx_hal_gpio.o
 .debug_aranges
                0x00000000000004e8       0x90 ./Drivers/STM32F1xx_HAL_Driver/Src/stm32f1xx_hal_rcc.o
 .debug_aranges
                0x0000000000000578      0x3d0 ./Drivers/STM32F1xx_HAL_Driver/Src/stm32f1xx_hal_tim.o
 .debug_aranges
                0x0000000000000948      0x168 ./Drivers/STM32F1xx_HAL_Driver/Src/stm32f1xx_hal_tim_ex.o

.debug_ranges   0x0000000000000000      0x9a0
 .debug_ranges  0x0000000000000000       0x40 ./Core/Src/button.o
 .debug_ranges  0x0000000000000040       0x78 ./Core/Src/display.o
 .debug_ranges  0x00000000000000b8       0x10 ./Core/Src/fsm_automatic.o
 .debug_ranges  0x00000000000000c8       0x38 ./Core/Src/main.o
 .debug_ranges  0x0000000000000100       0x28 ./Core/Src/softwear.o
 .debug_ranges  0x0000000000000128       0x20 ./Core/Src/stm32f1xx_hal_msp.o
 .debug_ranges  0x0000000000000148       0x58 ./Core/Src/stm32f1xx_it.o
 .debug_ranges  0x00000000000001a0       0x18 ./Core/Src/system_stm32f1xx.o
 .debug_ranges  0x00000000000001b8       0x28 ./Core/Src/todo.o
 .debug_ranges  0x00000000000001e0       0x20 ./Core/Startup/startup_stm32f103c6ux.o
 .debug_ranges  0x0000000000000200       0xd0 ./Drivers/STM32F1xx_HAL_Driver/Src/stm32f1xx_hal.o
 .debug_ranges  0x00000000000002d0       0xf0 ./Drivers/STM32F1xx_HAL_Driver/Src/stm32f1xx_hal_cortex.o
 .debug_ranges  0x00000000000003c0       0x48 ./Drivers/STM32F1xx_HAL_Driver/Src/stm32f1xx_hal_gpio.o
 .debug_ranges  0x0000000000000408       0x80 ./Drivers/STM32F1xx_HAL_Driver/Src/stm32f1xx_hal_rcc.o
 .debug_ranges  0x0000000000000488      0x3c0 ./Drivers/STM32F1xx_HAL_Driver/Src/stm32f1xx_hal_tim.o
 .debug_ranges  0x0000000000000848      0x158 ./Drivers/STM32F1xx_HAL_Driver/Src/stm32f1xx_hal_tim_ex.o

.debug_macro    0x0000000000000000    0x16c6b
 .debug_macro   0x0000000000000000      0x1b0 ./Core/Src/button.o
 .debug_macro   0x00000000000001b0      0xa9c ./Core/Src/button.o
 .debug_macro   0x0000000000000c4c       0x16 ./Core/Src/button.o
 .debug_macro   0x0000000000000c62      0x215 ./Core/Src/button.o
 .debug_macro   0x0000000000000e77       0x2e ./Core/Src/button.o
 .debug_macro   0x0000000000000ea5       0x22 ./Core/Src/button.o
 .debug_macro   0x0000000000000ec7       0x22 ./Core/Src/button.o
 .debug_macro   0x0000000000000ee9       0x8e ./Core/Src/button.o
 .debug_macro   0x0000000000000f77       0x51 ./Core/Src/button.o
 .debug_macro   0x0000000000000fc8      0x103 ./Core/Src/button.o
 .debug_macro   0x00000000000010cb       0x6a ./Core/Src/button.o
 .debug_macro   0x0000000000001135      0x1df ./Core/Src/button.o
 .debug_macro   0x0000000000001314       0x1c ./Core/Src/button.o
 .debug_macro   0x0000000000001330       0x22 ./Core/Src/button.o
 .debug_macro   0x0000000000001352       0xc3 ./Core/Src/button.o
 .debug_macro   0x0000000000001415      0xd23 ./Core/Src/button.o
 .debug_macro   0x0000000000002138     0xde75 ./Core/Src/button.o
 .debug_macro   0x000000000000ffad       0x6d ./Core/Src/button.o
 .debug_macro   0x000000000001001a     0x3468 ./Core/Src/button.o
 .debug_macro   0x0000000000013482      0x174 ./Core/Src/button.o
 .debug_macro   0x00000000000135f6       0x5c ./Core/Src/button.o
 .debug_macro   0x0000000000013652      0x5be ./Core/Src/button.o
 .debug_macro   0x0000000000013c10      0x1b7 ./Core/Src/button.o
 .debug_macro   0x0000000000013dc7      0x1cb ./Core/Src/button.o
 .debug_macro   0x0000000000013f92      0x114 ./Core/Src/button.o
 .debug_macro   0x00000000000140a6      0x1b2 ./Core/Src/button.o
 .debug_macro   0x0000000000014258       0x27 ./Core/Src/button.o
 .debug_macro   0x000000000001427f      0x12f ./Core/Src/button.o
 .debug_macro   0x00000000000143ae      0x1bc ./Core/Src/button.o
 .debug_macro   0x000000000001456a       0x34 ./Core/Src/button.o
 .debug_macro   0x000000000001459e       0x3c ./Core/Src/button.o
 .debug_macro   0x00000000000145da       0x57 ./Core/Src/button.o
 .debug_macro   0x0000000000014631       0x88 ./Core/Src/button.o
 .debug_macro   0x00000000000146b9      0x183 ./Core/Src/button.o
 .debug_macro   0x000000000001483c      0x141 ./Core/Src/button.o
 .debug_macro   0x000000000001497d      0x8d1 ./Core/Src/button.o
 .debug_macro   0x000000000001524e       0x69 ./Core/Src/button.o
 .debug_macro   0x00000000000152b7       0xf4 ./Core/Src/button.o
 .debug_macro   0x00000000000153ab      0x1c1 ./Core/Src/display.o
 .debug_macro   0x000000000001556c      0x1e6 ./Core/Src/fsm_automatic.o
 .debug_macro   0x0000000000015752       0x10 ./Core/Src/fsm_automatic.o
 .debug_macro   0x0000000000015762       0x22 ./Core/Src/fsm_automatic.o
 .debug_macro   0x0000000000015784      0x1d2 ./Core/Src/global.o
 .debug_macro   0x0000000000015956      0x1f6 ./Core/Src/main.o
 .debug_macro   0x0000000000015b4c       0x21 ./Core/Src/softwear.o
 .debug_macro   0x0000000000015b6d      0x1a7 ./Core/Src/stm32f1xx_hal_msp.o
 .debug_macro   0x0000000000015d14      0x1b1 ./Core/Src/stm32f1xx_it.o
 .debug_macro   0x0000000000015ec5      0x198 ./Core/Src/system_stm32f1xx.o
 .debug_macro   0x000000000001605d      0x1dc ./Core/Src/todo.o
 .debug_macro   0x0000000000016239      0x1bc ./Drivers/STM32F1xx_HAL_Driver/Src/stm32f1xx_hal.o
 .debug_macro   0x00000000000163f5      0x198 ./Drivers/STM32F1xx_HAL_Driver/Src/stm32f1xx_hal_cortex.o
 .debug_macro   0x000000000001658d      0x203 ./Drivers/STM32F1xx_HAL_Driver/Src/stm32f1xx_hal_gpio.o
 .debug_macro   0x0000000000016790      0x1aa ./Drivers/STM32F1xx_HAL_Driver/Src/stm32f1xx_hal_rcc.o
 .debug_macro   0x000000000001693a      0x199 ./Drivers/STM32F1xx_HAL_Driver/Src/stm32f1xx_hal_tim.o
 .debug_macro   0x0000000000016ad3      0x198 ./Drivers/STM32F1xx_HAL_Driver/Src/stm32f1xx_hal_tim_ex.o

.debug_line     0x0000000000000000     0xb929
 .debug_line    0x0000000000000000      0x7d0 ./Core/Src/button.o
 .debug_line    0x00000000000007d0      0x836 ./Core/Src/display.o
 .debug_line    0x0000000000001006      0x74a ./Core/Src/fsm_automatic.o
 .debug_line    0x0000000000001750      0x674 ./Core/Src/global.o
 .debug_line    0x0000000000001dc4      0x7ea ./Core/Src/main.o
 .debug_line    0x00000000000025ae       0xec ./Core/Src/softwear.o
 .debug_line    0x000000000000269a      0x6a1 ./Core/Src/stm32f1xx_hal_msp.o
 .debug_line    0x0000000000002d3b      0x73f ./Core/Src/stm32f1xx_it.o
 .debug_line    0x000000000000347a      0x6e3 ./Core/Src/system_stm32f1xx.o
 .debug_line    0x0000000000003b5d      0x81a ./Core/Src/todo.o
 .debug_line    0x0000000000004377       0x87 ./Core/Startup/startup_stm32f103c6ux.o
 .debug_line    0x00000000000043fe      0x910 ./Drivers/STM32F1xx_HAL_Driver/Src/stm32f1xx_hal.o
 .debug_line    0x0000000000004d0e      0xaf8 ./Drivers/STM32F1xx_HAL_Driver/Src/stm32f1xx_hal_cortex.o
 .debug_line    0x0000000000005806      0x991 ./Drivers/STM32F1xx_HAL_Driver/Src/stm32f1xx_hal_gpio.o
 .debug_line    0x0000000000006197      0xd1e ./Drivers/STM32F1xx_HAL_Driver/Src/stm32f1xx_hal_rcc.o
 .debug_line    0x0000000000006eb5     0x326e ./Drivers/STM32F1xx_HAL_Driver/Src/stm32f1xx_hal_tim.o
 .debug_line    0x000000000000a123     0x1806 ./Drivers/STM32F1xx_HAL_Driver/Src/stm32f1xx_hal_tim_ex.o

.debug_str      0x0000000000000000    0x82207
 .debug_str     0x0000000000000000    0x7f617 ./Core/Src/button.o
                                      0x7f96a (size before relaxing)
 .debug_str     0x000000000007f617       0xe3 ./Core/Src/display.o
                                      0x7f8e5 (size before relaxing)
 .debug_str     0x000000000007f6fa      0x11f ./Core/Src/fsm_automatic.o
                                      0x7f955 (size before relaxing)
 .debug_str     0x000000000007f819       0x15 ./Core/Src/global.o
                                      0x7f8b4 (size before relaxing)
 .debug_str     0x000000000007f82e      0x6df ./Core/Src/main.o
                                      0x80109 (size before relaxing)
 .debug_str     0x000000000007ff0d       0x7c ./Core/Src/softwear.o
                                       0x2df8 (size before relaxing)
 .debug_str     0x000000000007ff89      0x2ba ./Core/Src/stm32f1xx_hal_msp.o
                                      0x7fff0 (size before relaxing)
 .debug_str     0x0000000000080243       0xcd ./Core/Src/stm32f1xx_it.o
                                      0x7fd52 (size before relaxing)
 .debug_str     0x0000000000080310       0x52 ./Core/Src/system_stm32f1xx.o
                                      0x7f4ef (size before relaxing)
 .debug_str     0x0000000000080362       0x41 ./Core/Src/todo.o
                                      0x7f952 (size before relaxing)
 .debug_str     0x00000000000803a3       0x36 ./Core/Startup/startup_stm32f103c6ux.o
                                         0x5a (size before relaxing)
 .debug_str     0x00000000000803d9      0x304 ./Drivers/STM32F1xx_HAL_Driver/Src/stm32f1xx_hal.o
                                      0x7fb46 (size before relaxing)
 .debug_str     0x00000000000806dd      0x300 ./Drivers/STM32F1xx_HAL_Driver/Src/stm32f1xx_hal_cortex.o
                                      0x7fb4e (size before relaxing)
 .debug_str     0x00000000000809dd      0x31f ./Drivers/STM32F1xx_HAL_Driver/Src/stm32f1xx_hal_gpio.o
                                      0x7f8b3 (size before relaxing)
 .debug_str     0x0000000000080cfc      0x24f ./Drivers/STM32F1xx_HAL_Driver/Src/stm32f1xx_hal_rcc.o
                                      0x7f8ec (size before relaxing)
 .debug_str     0x0000000000080f4b      0xdce ./Drivers/STM32F1xx_HAL_Driver/Src/stm32f1xx_hal_tim.o
                                      0x808be (size before relaxing)
 .debug_str     0x0000000000081d19      0x4ee ./Drivers/STM32F1xx_HAL_Driver/Src/stm32f1xx_hal_tim_ex.o
                                      0x8006f (size before relaxing)

.comment        0x0000000000000000       0x53
 .comment       0x0000000000000000       0x53 ./Core/Src/button.o
                                         0x54 (size before relaxing)
 .comment       0x0000000000000053       0x54 ./Core/Src/display.o
 .comment       0x0000000000000053       0x54 ./Core/Src/fsm_automatic.o
 .comment       0x0000000000000053       0x54 ./Core/Src/global.o
 .comment       0x0000000000000053       0x54 ./Core/Src/main.o
 .comment       0x0000000000000053       0x54 ./Core/Src/softwear.o
 .comment       0x0000000000000053       0x54 ./Core/Src/stm32f1xx_hal_msp.o
 .comment       0x0000000000000053       0x54 ./Core/Src/stm32f1xx_it.o
 .comment       0x0000000000000053       0x54 ./Core/Src/system_stm32f1xx.o
 .comment       0x0000000000000053       0x54 ./Core/Src/todo.o
 .comment       0x0000000000000053       0x54 ./Drivers/STM32F1xx_HAL_Driver/Src/stm32f1xx_hal.o
 .comment       0x0000000000000053       0x54 ./Drivers/STM32F1xx_HAL_Driver/Src/stm32f1xx_hal_cortex.o
 .comment       0x0000000000000053       0x54 ./Drivers/STM32F1xx_HAL_Driver/Src/stm32f1xx_hal_gpio.o
 .comment       0x0000000000000053       0x54 ./Drivers/STM32F1xx_HAL_Driver/Src/stm32f1xx_hal_rcc.o
 .comment       0x0000000000000053       0x54 ./Drivers/STM32F1xx_HAL_Driver/Src/stm32f1xx_hal_tim.o
 .comment       0x0000000000000053       0x54 ./Drivers/STM32F1xx_HAL_Driver/Src/stm32f1xx_hal_tim_ex.o

.debug_frame    0x0000000000000000     0x2a5c
 .debug_frame   0x0000000000000000       0xec ./Core/Src/button.o
 .debug_frame   0x00000000000000ec      0x1b8 ./Core/Src/display.o
 .debug_frame   0x00000000000002a4       0x2c ./Core/Src/fsm_automatic.o
 .debug_frame   0x00000000000002d0       0xd8 ./Core/Src/main.o
 .debug_frame   0x00000000000003a8       0xa8 ./Core/Src/softwear.o
 .debug_frame   0x0000000000000450       0x80 ./Core/Src/stm32f1xx_hal_msp.o
 .debug_frame   0x00000000000004d0      0x120 ./Core/Src/stm32f1xx_it.o
 .debug_frame   0x00000000000005f0       0x58 ./Core/Src/system_stm32f1xx.o
 .debug_frame   0x0000000000000648       0x80 ./Core/Src/todo.o
 .debug_frame   0x00000000000006c8      0x334 ./Drivers/STM32F1xx_HAL_Driver/Src/stm32f1xx_hal.o
 .debug_frame   0x00000000000009fc      0x428 ./Drivers/STM32F1xx_HAL_Driver/Src/stm32f1xx_hal_cortex.o
 .debug_frame   0x0000000000000e24      0x14c ./Drivers/STM32F1xx_HAL_Driver/Src/stm32f1xx_hal_gpio.o
 .debug_frame   0x0000000000000f70      0x21c ./Drivers/STM32F1xx_HAL_Driver/Src/stm32f1xx_hal_rcc.o
 .debug_frame   0x000000000000118c     0x11b8 ./Drivers/STM32F1xx_HAL_Driver/Src/stm32f1xx_hal_tim.o
 .debug_frame   0x0000000000002344      0x638 ./Drivers/STM32F1xx_HAL_Driver/Src/stm32f1xx_hal_tim_ex.o
 .debug_frame   0x000000000000297c       0x2c c:/st/stm32cubeide_1.7.0/stm32cubeide/plugins/com.st.stm32cube.ide.mcu.externaltools.gnu-tools-for-stm32.9-2020-q2-update.win32_2.0.0.202105311346/tools/bin/../lib/gcc/arm-none-eabi/9.3.1/../../../../arm-none-eabi/lib/thumb/v7-m/nofp\libc_nano.a(lib_a-init.o)
 .debug_frame   0x00000000000029a8       0x20 c:/st/stm32cubeide_1.7.0/stm32cubeide/plugins/com.st.stm32cube.ide.mcu.externaltools.gnu-tools-for-stm32.9-2020-q2-update.win32_2.0.0.202105311346/tools/bin/../lib/gcc/arm-none-eabi/9.3.1/../../../../arm-none-eabi/lib/thumb/v7-m/nofp\libc_nano.a(lib_a-memset.o)
 .debug_frame   0x00000000000029c8       0x24 c:/st/stm32cubeide_1.7.0/stm32cubeide/plugins/com.st.stm32cube.ide.mcu.externaltools.gnu-tools-for-stm32.9-2020-q2-update.win32_2.0.0.202105311346/tools/bin/../lib/gcc/arm-none-eabi/9.3.1/thumb/v7-m/nofp\libgcc.a(_arm_mulsf3.o)
 .debug_frame   0x00000000000029ec       0x4c c:/st/stm32cubeide_1.7.0/stm32cubeide/plugins/com.st.stm32cube.ide.mcu.externaltools.gnu-tools-for-stm32.9-2020-q2-update.win32_2.0.0.202105311346/tools/bin/../lib/gcc/arm-none-eabi/9.3.1/thumb/v7-m/nofp\libgcc.a(_arm_addsubsf3.o)
 .debug_frame   0x0000000000002a38       0x24 c:/st/stm32cubeide_1.7.0/stm32cubeide/plugins/com.st.stm32cube.ide.mcu.externaltools.gnu-tools-for-stm32.9-2020-q2-update.win32_2.0.0.202105311346/tools/bin/../lib/gcc/arm-none-eabi/9.3.1/thumb/v7-m/nofp\libgcc.a(_arm_fixsfsi.o)
